=== Phase 2: Quantization ===
  model=XYZAILab/XYZ-Aquila-mini
  scheme=W4A16
  iters=200
  export_format=auto_round
  model_free=false
  ignore_layers=<default>
  layer_config=<none>
  output_dir=/root/_work/1/s/auto_quant/output/runs/XYZ-Aquila-mini-AutoRound-W4A16-Tuning/quantized_model
23:59:34 [INFO] Quantization compute device: cuda:0 (device_map=0)
23:59:34 [INFO] GPU0 free VRAM: 94.4GB / 95.0GB (min required: 2.0GB)
23:59:34 [INFO] Model: XYZAILab/XYZ-Aquila-mini
23:59:34 [INFO] Scheme: W4A16 → AutoRound scheme='W4A16'
23:59:34 [INFO] Iters: 200 (TUNING)
23:59:34 [INFO] Export format: auto_round
23:59:34 [INFO] Output: /root/_work/1/s/auto_quant/output/runs/XYZ-Aquila-mini-AutoRound-W4A16-Tuning/quantized_model
23:59:34 [INFO] Device map: auto → effective: 0
23:59:34 [INFO] Loading tokenizer...
23:59:34 [INFO] HTTP Request: HEAD https://huggingface.co/XYZAILab/XYZ-Aquila-mini/resolve/main/config.json "HTTP/1.1 307 Temporary Redirect"
23:59:34 [INFO] HTTP Request: HEAD https://huggingface.co/api/resolve-cache/models/XYZAILab/XYZ-Aquila-mini/c70d151a710715886f013423d2a9ffbcba754858/config.json "HTTP/1.1 200 OK"
23:59:34 [INFO] HTTP Request: HEAD https://huggingface.co/XYZAILab/XYZ-Aquila-mini/resolve/main/tokenizer_config.json "HTTP/1.1 307 Temporary Redirect"
23:59:34 [INFO] HTTP Request: HEAD https://huggingface.co/api/resolve-cache/models/XYZAILab/XYZ-Aquila-mini/c70d151a710715886f013423d2a9ffbcba754858/tokenizer_config.json "HTTP/1.1 200 OK"
23:59:34 [INFO] HTTP Request: GET https://huggingface.co/api/resolve-cache/models/XYZAILab/XYZ-Aquila-mini/c70d151a710715886f013423d2a9ffbcba754858/tokenizer_config.json "HTTP/1.1 200 OK"
23:59:34 [INFO] HTTP Request: HEAD https://huggingface.co/XYZAILab/XYZ-Aquila-mini/resolve/main/tokenizer_config.json "HTTP/1.1 307 Temporary Redirect"
23:59:34 [INFO] HTTP Request: HEAD https://huggingface.co/api/resolve-cache/models/XYZAILab/XYZ-Aquila-mini/c70d151a710715886f013423d2a9ffbcba754858/tokenizer_config.json "HTTP/1.1 200 OK"
23:59:34 [INFO] HTTP Request: GET https://huggingface.co/api/models/XYZAILab/XYZ-Aquila-mini/tree/main/additional_chat_templates?recursive=false&expand=false "HTTP/1.1 404 Not Found"
23:59:34 [INFO] HTTP Request: GET https://huggingface.co/api/models/XYZAILab/XYZ-Aquila-mini/tree/main?recursive=true&expand=false "HTTP/1.1 200 OK"
23:59:34 [INFO] HTTP Request: HEAD https://huggingface.co/XYZAILab/XYZ-Aquila-mini/resolve/main/vocab.json "HTTP/1.1 404 Not Found"
23:59:34 [INFO] HTTP Request: HEAD https://huggingface.co/XYZAILab/XYZ-Aquila-mini/resolve/main/merges.txt "HTTP/1.1 404 Not Found"
23:59:34 [INFO] HTTP Request: HEAD https://huggingface.co/XYZAILab/XYZ-Aquila-mini/resolve/main/tokenizer.json "HTTP/1.1 302 Found"
23:59:35 [INFO] HTTP Request: HEAD https://huggingface.co/XYZAILab/XYZ-Aquila-mini/resolve/main/added_tokens.json "HTTP/1.1 404 Not Found"
23:59:35 [INFO] HTTP Request: HEAD https://huggingface.co/XYZAILab/XYZ-Aquila-mini/resolve/main/special_tokens_map.json "HTTP/1.1 404 Not Found"
23:59:35 [INFO] HTTP Request: HEAD https://huggingface.co/XYZAILab/XYZ-Aquila-mini/resolve/main/chat_template.jinja "HTTP/1.1 307 Temporary Redirect"
23:59:35 [INFO] HTTP Request: HEAD https://huggingface.co/api/resolve-cache/models/XYZAILab/XYZ-Aquila-mini/c70d151a710715886f013423d2a9ffbcba754858/chat_template.jinja "HTTP/1.1 200 OK"
23:59:35 [INFO] HTTP Request: GET https://huggingface.co/api/resolve-cache/models/XYZAILab/XYZ-Aquila-mini/c70d151a710715886f013423d2a9ffbcba754858/chat_template.jinja "HTTP/1.1 200 OK"
23:59:36 [INFO] HTTP Request: GET https://huggingface.co/api/models/XYZAILab/XYZ-Aquila-mini "HTTP/1.1 200 OK"
23:59:36 [INFO] Loading model...
23:59:36 [INFO] HTTP Request: HEAD https://huggingface.co/XYZAILab/XYZ-Aquila-mini/resolve/main/config.json "HTTP/1.1 307 Temporary Redirect"
23:59:36 [INFO] HTTP Request: HEAD https://huggingface.co/api/resolve-cache/models/XYZAILab/XYZ-Aquila-mini/c70d151a710715886f013423d2a9ffbcba754858/config.json "HTTP/1.1 200 OK"
23:59:36 [INFO] HTTP Request: HEAD https://huggingface.co/XYZAILab/XYZ-Aquila-mini/resolve/main/model.safetensors "HTTP/1.1 404 Not Found"
23:59:36 [INFO] HTTP Request: HEAD https://huggingface.co/XYZAILab/XYZ-Aquila-mini/resolve/main/model.safetensors.index.json "HTTP/1.1 307 Temporary Redirect"
23:59:36 [INFO] HTTP Request: HEAD https://huggingface.co/api/resolve-cache/models/XYZAILab/XYZ-Aquila-mini/c70d151a710715886f013423d2a9ffbcba754858/model.safetensors.index.json "HTTP/1.1 200 OK"
23:59:36 [INFO] HTTP Request: GET https://huggingface.co/api/resolve-cache/models/XYZAILab/XYZ-Aquila-mini/c70d151a710715886f013423d2a9ffbcba754858/model.safetensors.index.json "HTTP/1.1 200 OK"
23:59:36 [INFO] HTTP Request: GET https://huggingface.co/api/models/XYZAILab/XYZ-Aquila-mini/revision/main "HTTP/1.1 200 OK"
23:59:36 [INFO] HTTP Request: GET https://huggingface.co/api/models/XYZAILab/XYZ-Aquila-mini/tree/c70d151a710715886f013423d2a9ffbcba754858?recursive=true&expand=false "HTTP/1.1 200 OK"
[transformers] The fast path is not available because one of the required library is not installed. Falling back to torch implementation. To install follow https://github.com/fla-org/flash-linear-attention#installation and https://github.com/Dao-AILab/causal-conv1d
00:00:55 [INFO] HTTP Request: HEAD https://huggingface.co/XYZAILab/XYZ-Aquila-mini/resolve/main/generation_config.json "HTTP/1.1 404 Not Found"
00:00:55 [INFO] HTTP Request: HEAD https://huggingface.co/XYZAILab/XYZ-Aquila-mini/resolve/main/config.json "HTTP/1.1 307 Temporary Redirect"
00:00:55 [INFO] HTTP Request: HEAD https://huggingface.co/api/resolve-cache/models/XYZAILab/XYZ-Aquila-mini/c70d151a710715886f013423d2a9ffbcba754858/config.json "HTTP/1.1 200 OK"
00:00:55 [INFO] HTTP Request: HEAD https://huggingface.co/XYZAILab/XYZ-Aquila-mini/resolve/main/custom_generate/generate.py "HTTP/1.1 404 Not Found"
00:00:55 [INFO] Architecture: Qwen3_5MoeForCausalLM (model_type=qwen3_5_moe_text, moe=True)
00:00:55 [INFO] Ignore layers (default): lm_head
00:00:55 [INFO] Configuring AutoRound...
[38;20m2026-08-04 00:00:55 INFO entry.py L745: Using MLLM mode for multimodal model.[0m
00:00:55 [INFO] HTTP Request: HEAD https://huggingface.co/XYZAILab/XYZ-Aquila-mini/resolve/main/config.json "HTTP/1.1 307 Temporary Redirect"
00:00:55 [INFO] HTTP Request: HEAD https://huggingface.co/api/resolve-cache/models/XYZAILab/XYZ-Aquila-mini/c70d151a710715886f013423d2a9ffbcba754858/config.json "HTTP/1.1 200 OK"
00:00:55 [INFO] HTTP Request: HEAD https://huggingface.co/XYZAILab/XYZ-Aquila-mini/resolve/main/model_index.json "HTTP/1.1 404 Not Found"
404 Client Error. (Request ID: Root=1-6a712bb7-3f18b3773e9fd06653ecbc23;df8f42e7-4935-4504-9119-41f666003c44)

Entry Not Found for url: https://huggingface.co/XYZAILab/XYZ-Aquila-mini/resolve/main/model_index.json.
00:00:55 [INFO] HTTP Request: HEAD https://huggingface.co/XYZAILab/XYZ-Aquila-mini/resolve/main/config.json "HTTP/1.1 307 Temporary Redirect"
00:00:55 [INFO] HTTP Request: HEAD https://huggingface.co/api/resolve-cache/models/XYZAILab/XYZ-Aquila-mini/c70d151a710715886f013423d2a9ffbcba754858/config.json "HTTP/1.1 200 OK"
00:00:55 [INFO] HTTP Request: GET https://huggingface.co/api/models/XYZAILab/XYZ-Aquila-mini/tree/main?recursive=true&expand=false "HTTP/1.1 200 OK"
00:00:55 [INFO] HTTP Request: HEAD https://huggingface.co/XYZAILab/XYZ-Aquila-mini/resolve/main/config.json "HTTP/1.1 307 Temporary Redirect"
00:00:55 [INFO] HTTP Request: HEAD https://huggingface.co/api/resolve-cache/models/XYZAILab/XYZ-Aquila-mini/c70d151a710715886f013423d2a9ffbcba754858/config.json "HTTP/1.1 200 OK"
00:00:55 [INFO] HTTP Request: HEAD https://huggingface.co/XYZAILab/XYZ-Aquila-mini/resolve/main/config.json "HTTP/1.1 307 Temporary Redirect"
00:00:55 [INFO] HTTP Request: HEAD https://huggingface.co/api/resolve-cache/models/XYZAILab/XYZ-Aquila-mini/c70d151a710715886f013423d2a9ffbcba754858/config.json "HTTP/1.1 200 OK"
00:00:55 [INFO] HTTP Request: HEAD https://huggingface.co/XYZAILab/XYZ-Aquila-mini/resolve/main/model.safetensors "HTTP/1.1 404 Not Found"
00:00:55 [INFO] HTTP Request: HEAD https://huggingface.co/XYZAILab/XYZ-Aquila-mini/resolve/main/model.safetensors.index.json "HTTP/1.1 307 Temporary Redirect"
00:00:55 [INFO] HTTP Request: HEAD https://huggingface.co/api/resolve-cache/models/XYZAILab/XYZ-Aquila-mini/c70d151a710715886f013423d2a9ffbcba754858/model.safetensors.index.json "HTTP/1.1 200 OK"
00:00:55 [INFO] HTTP Request: GET https://huggingface.co/api/models/XYZAILab/XYZ-Aquila-mini/revision/main "HTTP/1.1 200 OK"
00:01:49 [INFO] HTTP Request: HEAD https://huggingface.co/XYZAILab/XYZ-Aquila-mini/resolve/main/generation_config.json "HTTP/1.1 404 Not Found"
00:01:49 [INFO] HTTP Request: HEAD https://huggingface.co/XYZAILab/XYZ-Aquila-mini/resolve/main/config.json "HTTP/1.1 307 Temporary Redirect"
00:01:49 [INFO] HTTP Request: HEAD https://huggingface.co/api/resolve-cache/models/XYZAILab/XYZ-Aquila-mini/c70d151a710715886f013423d2a9ffbcba754858/config.json "HTTP/1.1 200 OK"
00:01:49 [INFO] HTTP Request: HEAD https://huggingface.co/XYZAILab/XYZ-Aquila-mini/resolve/main/custom_generate/generate.py "HTTP/1.1 404 Not Found"
00:01:49 [INFO] HTTP Request: HEAD https://huggingface.co/XYZAILab/XYZ-Aquila-mini/resolve/main/config.json "HTTP/1.1 307 Temporary Redirect"
00:01:49 [INFO] HTTP Request: HEAD https://huggingface.co/api/resolve-cache/models/XYZAILab/XYZ-Aquila-mini/c70d151a710715886f013423d2a9ffbcba754858/config.json "HTTP/1.1 200 OK"
00:01:49 [INFO] HTTP Request: HEAD https://huggingface.co/XYZAILab/XYZ-Aquila-mini/resolve/main/tokenizer_config.json "HTTP/1.1 307 Temporary Redirect"
00:01:49 [INFO] HTTP Request: HEAD https://huggingface.co/api/resolve-cache/models/XYZAILab/XYZ-Aquila-mini/c70d151a710715886f013423d2a9ffbcba754858/tokenizer_config.json "HTTP/1.1 200 OK"
00:01:49 [INFO] HTTP Request: HEAD https://huggingface.co/XYZAILab/XYZ-Aquila-mini/resolve/main/tokenizer_config.json "HTTP/1.1 307 Temporary Redirect"
00:01:49 [INFO] HTTP Request: HEAD https://huggingface.co/api/resolve-cache/models/XYZAILab/XYZ-Aquila-mini/c70d151a710715886f013423d2a9ffbcba754858/tokenizer_config.json "HTTP/1.1 200 OK"
00:01:49 [INFO] HTTP Request: GET https://huggingface.co/api/models/XYZAILab/XYZ-Aquila-mini/tree/main/additional_chat_templates?recursive=false&expand=false "HTTP/1.1 404 Not Found"
00:01:49 [INFO] HTTP Request: GET https://huggingface.co/api/models/XYZAILab/XYZ-Aquila-mini/tree/main?recursive=true&expand=false "HTTP/1.1 200 OK"
00:01:50 [INFO] HTTP Request: GET https://huggingface.co/api/models/XYZAILab/XYZ-Aquila-mini "HTTP/1.1 200 OK"
00:01:50 [INFO] HTTP Request: HEAD https://huggingface.co/XYZAILab/XYZ-Aquila-mini/resolve/main/processor_config.json "HTTP/1.1 307 Temporary Redirect"
00:01:50 [INFO] HTTP Request: HEAD https://huggingface.co/api/resolve-cache/models/XYZAILab/XYZ-Aquila-mini/c70d151a710715886f013423d2a9ffbcba754858/processor_config.json "HTTP/1.1 200 OK"
00:01:50 [INFO] HTTP Request: GET https://huggingface.co/api/resolve-cache/models/XYZAILab/XYZ-Aquila-mini/c70d151a710715886f013423d2a9ffbcba754858/processor_config.json "HTTP/1.1 200 OK"
00:01:50 [INFO] HTTP Request: GET https://huggingface.co/api/models/XYZAILab/XYZ-Aquila-mini/tree/main/additional_chat_templates?recursive=false&expand=false "HTTP/1.1 404 Not Found"
00:01:50 [INFO] HTTP Request: HEAD https://huggingface.co/XYZAILab/XYZ-Aquila-mini/resolve/main/processor_config.json "HTTP/1.1 307 Temporary Redirect"
00:01:50 [INFO] HTTP Request: HEAD https://huggingface.co/api/resolve-cache/models/XYZAILab/XYZ-Aquila-mini/c70d151a710715886f013423d2a9ffbcba754858/processor_config.json "HTTP/1.1 200 OK"
00:01:51 [INFO] HTTP Request: HEAD https://huggingface.co/XYZAILab/XYZ-Aquila-mini/resolve/main/chat_template.json "HTTP/1.1 404 Not Found"
00:01:51 [INFO] HTTP Request: HEAD https://huggingface.co/XYZAILab/XYZ-Aquila-mini/resolve/main/chat_template.jinja "HTTP/1.1 307 Temporary Redirect"
00:01:51 [INFO] HTTP Request: HEAD https://huggingface.co/api/resolve-cache/models/XYZAILab/XYZ-Aquila-mini/c70d151a710715886f013423d2a9ffbcba754858/chat_template.jinja "HTTP/1.1 200 OK"
00:01:51 [INFO] HTTP Request: HEAD https://huggingface.co/XYZAILab/XYZ-Aquila-mini/resolve/main/audio_tokenizer_config.json "HTTP/1.1 404 Not Found"
00:01:51 [INFO] HTTP Request: GET https://huggingface.co/api/models/XYZAILab/XYZ-Aquila-mini/tree/main/additional_chat_templates?recursive=false&expand=false "HTTP/1.1 404 Not Found"
00:01:51 [INFO] HTTP Request: HEAD https://huggingface.co/XYZAILab/XYZ-Aquila-mini/resolve/main/processor_config.json "HTTP/1.1 307 Temporary Redirect"
00:01:51 [INFO] HTTP Request: HEAD https://huggingface.co/api/resolve-cache/models/XYZAILab/XYZ-Aquila-mini/c70d151a710715886f013423d2a9ffbcba754858/processor_config.json "HTTP/1.1 200 OK"
00:01:51 [INFO] HTTP Request: HEAD https://huggingface.co/XYZAILab/XYZ-Aquila-mini/resolve/main/chat_template.json "HTTP/1.1 404 Not Found"
00:01:51 [INFO] HTTP Request: HEAD https://huggingface.co/XYZAILab/XYZ-Aquila-mini/resolve/main/chat_template.jinja "HTTP/1.1 307 Temporary Redirect"
00:01:51 [INFO] HTTP Request: HEAD https://huggingface.co/api/resolve-cache/models/XYZAILab/XYZ-Aquila-mini/c70d151a710715886f013423d2a9ffbcba754858/chat_template.jinja "HTTP/1.1 200 OK"
00:01:51 [INFO] HTTP Request: HEAD https://huggingface.co/XYZAILab/XYZ-Aquila-mini/resolve/main/audio_tokenizer_config.json "HTTP/1.1 404 Not Found"
00:01:51 [INFO] HTTP Request: HEAD https://huggingface.co/XYZAILab/XYZ-Aquila-mini/resolve/main/processor_config.json "HTTP/1.1 307 Temporary Redirect"
00:01:51 [INFO] HTTP Request: HEAD https://huggingface.co/api/resolve-cache/models/XYZAILab/XYZ-Aquila-mini/c70d151a710715886f013423d2a9ffbcba754858/processor_config.json "HTTP/1.1 200 OK"
00:01:51 [INFO] HTTP Request: HEAD https://huggingface.co/XYZAILab/XYZ-Aquila-mini/resolve/main/preprocessor_config.json "HTTP/1.1 307 Temporary Redirect"
00:01:51 [INFO] HTTP Request: HEAD https://huggingface.co/api/resolve-cache/models/XYZAILab/XYZ-Aquila-mini/c70d151a710715886f013423d2a9ffbcba754858/preprocessor_config.json "HTTP/1.1 200 OK"
00:01:51 [INFO] HTTP Request: GET https://huggingface.co/api/resolve-cache/models/XYZAILab/XYZ-Aquila-mini/c70d151a710715886f013423d2a9ffbcba754858/preprocessor_config.json "HTTP/1.1 200 OK"
00:01:51 [ERROR] Quantization failed: Could not load any image processor class for XYZAILab/XYZ-Aquila-mini. The model configuration resolves to the following image processor classes: pil: Qwen2VLImageProcessorPil, torchvision: Qwen2VLImageProcessor. None of these classes could be imported. Missing optional dependencies: torchvision, Pillow. Please install the missing dependencies or select a backend that is available in your environment.
Traceback (most recent call last):
  File "/root/_work/1/s/auto_quant/phases/quantize.py", line 479, in <module>
    quantize(args)
  File "/root/_work/1/s/auto_quant/phases/quantize.py", line 357, in quantize
    autoround = AutoRound(**ar_kwargs)
                ^^^^^^^^^^^^^^^^^^^^^^
  File "/root/.venv/lib/python3.12/site-packages/auto_round/autoround.py", line 261, in __new__
    return AutoRoundCompatible(
           ^^^^^^^^^^^^^^^^^^^^
  File "/root/.venv/lib/python3.12/site-packages/auto_round/compressors/entry.py", line 752, in __new__
    compressor = AutoRound(
                 ^^^^^^^^^^
  File "/root/.venv/lib/python3.12/site-packages/auto_round/compressors/entry.py", line 426, in __new__
    return _get_compressor_class(model_type, DataDrivenCompressor)(alg_configs, **local_args, **ctor_kwargs)
           ^^^^^^^^^^^^^^^^^^^^^^^^^^^^^^^^^^^^^^^^^^^^^^^^^^^^^^^^^^^^^^^^^^^^^^^^^^^^^^^^^^^^^^^^^^^^^^^^^
  File "/root/.venv/lib/python3.12/site-packages/auto_round/compressors/mllm_mixin.py", line 89, in __init__
    super().__init__(*args, **kwargs)
  File "/root/.venv/lib/python3.12/site-packages/auto_round/compressors/data_driven.py", line 96, in __init__
    super().__init__(
  File "/root/.venv/lib/python3.12/site-packages/auto_round/compressors/base.py", line 379, in __init__
    self.model_context = ModelContext(
                         ^^^^^^^^^^^^^
  File "/root/.venv/lib/python3.12/site-packages/auto_round/context/base.py", line 39, in __call__
    instance.__init__(*args, **kwargs)
  File "/root/.venv/lib/python3.12/site-packages/auto_round/context/base.py", line 27, in wrapped_init
    original_init(self, *args, **kwargs)
  File "/root/.venv/lib/python3.12/site-packages/auto_round/context/model.py", line 110, in __init__
    self._load_model()
  File "/root/.venv/lib/python3.12/site-packages/auto_round/context/model.py", line 151, in _load_model
    self.model, self.processor, self.tokenizer, self.image_processor = mllm_load_model(
                                                                       ^^^^^^^^^^^^^^^^
  File "/root/.venv/lib/python3.12/site-packages/auto_round/utils/model.py", line 758, in mllm_load_model
    processor = AutoProcessor.from_pretrained(
                ^^^^^^^^^^^^^^^^^^^^^^^^^^^^^^
  File "/root/.venv/lib/python3.12/site-packages/transformers/models/auto/processing_auto.py", line 328, in from_pretrained
    return processor_class.from_pretrained(
           ^^^^^^^^^^^^^^^^^^^^^^^^^^^^^^^^
  File "/root/.venv/lib/python3.12/site-packages/transformers/processing_utils.py", line 1722, in from_pretrained
    args = cls._get_arguments_from_pretrained(pretrained_model_name_or_path, processor_dict, **kwargs)
           ^^^^^^^^^^^^^^^^^^^^^^^^^^^^^^^^^^^^^^^^^^^^^^^^^^^^^^^^^^^^^^^^^^^^^^^^^^^^^^^^^^^^^^^^^^^
  File "/root/.venv/lib/python3.12/site-packages/transformers/processing_utils.py", line 1862, in _get_arguments_from_pretrained
    sub_processor = auto_processor_class.from_pretrained(
                    ^^^^^^^^^^^^^^^^^^^^^^^^^^^^^^^^^^^^^
  File "/root/.venv/lib/python3.12/site-packages/transformers/models/auto/image_processing_auto.py", line 691, in from_pretrained
    raise ValueError(_format_unavailable_image_processor_error(pretrained_model_name_or_path, mapping))
ValueError: Could not load any image processor class for XYZAILab/XYZ-Aquila-mini. The model configuration resolves to the following image processor classes: pil: Qwen2VLImageProcessorPil, torchvision: Qwen2VLImageProcessor. None of these classes could be imported. Missing optional dependencies: torchvision, Pillow. Please install the missing dependencies or select a backend that is available in your environment.
