=== Phase 1: Environment Setup ===
  AUTO_ROUND_REF=latest
  TRANSFORMERS_REF=auto
  EXPORT_FORMAT=auto_round
  EVAL_BACKEND=hf
[setup_env] Installing: auto-round
 + triton==3.7.1
 + typer==0.27.1
 + urllib3==2.7.0
 + xxhash==3.8.1
 + yarl==1.24.5
 + threadpoolctl==3.6.0
 + typepy==1.3.5
 + word2number==1.1
 + hf-transfer==0.1.9
 + loguru==0.7.3
 + sentencepiece==0.2.2
[setup_env] Checking torch/CUDA driver compatibility...
[setup_env] torch=2.13.0+cu130, CUDA available — OK
[setup_env] Running pre-flight dependency check for XYZAILab/XYZ-Aquila-mini...
23:59:19 [preflight] Pre-flight check for: XYZAILab/XYZ-Aquila-mini
23:59:19 [preflight] HTTP Request: GET https://huggingface.co/api/agent-harnesses "HTTP/1.1 200 OK"
23:59:19 [preflight] HTTP Request: HEAD https://huggingface.co/XYZAILab/XYZ-Aquila-mini/resolve/main/config.json "HTTP/1.1 307 Temporary Redirect"
23:59:19 [preflight] HTTP Request: HEAD https://huggingface.co/api/resolve-cache/models/XYZAILab/XYZ-Aquila-mini/c70d151a710715886f013423d2a9ffbcba754858/config.json "HTTP/1.1 200 OK"
23:59:19 [preflight] HTTP Request: GET https://huggingface.co/api/resolve-cache/models/XYZAILab/XYZ-Aquila-mini/c70d151a710715886f013423d2a9ffbcba754858/config.json "HTTP/1.1 200 OK"
23:59:19 [preflight]   model_type: qwen3_5_moe
23:59:19 [preflight]   auto_map: no
23:59:19 [preflight]   transformers_version: 5.12.1
23:59:20 [preflight] HTTP Request: HEAD https://huggingface.co/XYZAILab/XYZ-Aquila-mini/resolve/main/requirements.txt "HTTP/1.1 404 Not Found"
23:59:20 [preflight]   ✓ All dependencies satisfied

[setup_env] Verification:
  torch=2.13.0+cu130, cuda=True
  auto_round=0.14.2
  transformers=5.14.1
  lm_eval=0.4.12

=== Phase 1: DONE ===
