=== Phase 2: Quantization ===
  model=microsoft/Fara1.5-4B
  scheme=W4A16
  iters=0
  export_format=auto_round
  model_free=false
  ignore_layers=<default>
  layer_config=<none>
  output_dir=/root/_work/1/s/auto_quant/output/runs/Fara1.5-4B-AutoRound-W4A16-RTN/quantized_model
07:39:59 [INFO] Quantization compute device: cuda:0 (device_map=0)
07:39:59 [INFO] GPU0 free VRAM: 23.1GB / 23.5GB (min required: 2.0GB)
07:39:59 [INFO] Model: microsoft/Fara1.5-4B
07:39:59 [INFO] Scheme: W4A16 → AutoRound scheme='W4A16'
07:39:59 [INFO] Iters: 0 (RTN)
07:39:59 [INFO] Export format: auto_round
07:39:59 [INFO] Output: /root/_work/1/s/auto_quant/output/runs/Fara1.5-4B-AutoRound-W4A16-RTN/quantized_model
07:39:59 [INFO] Device map: auto → effective: 0
07:39:59 [INFO] Loading tokenizer...
07:40:00 [INFO] HTTP Request: HEAD https://huggingface.co/microsoft/Fara1.5-4B/resolve/main/config.json "HTTP/1.1 307 Temporary Redirect"
07:40:00 [INFO] HTTP Request: HEAD https://huggingface.co/api/resolve-cache/models/microsoft/Fara1.5-4B/776a33ae5b2ad503796a97ae20fdc66f61d2feea/config.json "HTTP/1.1 200 OK"
07:40:00 [INFO] HTTP Request: HEAD https://huggingface.co/microsoft/Fara1.5-4B/resolve/main/tokenizer_config.json "HTTP/1.1 307 Temporary Redirect"
07:40:00 [INFO] HTTP Request: HEAD https://huggingface.co/api/resolve-cache/models/microsoft/Fara1.5-4B/776a33ae5b2ad503796a97ae20fdc66f61d2feea/tokenizer_config.json "HTTP/1.1 200 OK"
07:40:00 [INFO] HTTP Request: GET https://huggingface.co/api/resolve-cache/models/microsoft/Fara1.5-4B/776a33ae5b2ad503796a97ae20fdc66f61d2feea/tokenizer_config.json "HTTP/1.1 200 OK"
07:40:00 [INFO] HTTP Request: HEAD https://huggingface.co/microsoft/Fara1.5-4B/resolve/main/tokenizer_config.json "HTTP/1.1 307 Temporary Redirect"
07:40:00 [INFO] HTTP Request: HEAD https://huggingface.co/api/resolve-cache/models/microsoft/Fara1.5-4B/776a33ae5b2ad503796a97ae20fdc66f61d2feea/tokenizer_config.json "HTTP/1.1 200 OK"
07:40:00 [INFO] HTTP Request: GET https://huggingface.co/api/models/microsoft/Fara1.5-4B/tree/main/additional_chat_templates?recursive=false&expand=false "HTTP/1.1 404 Not Found"
07:40:00 [INFO] HTTP Request: GET https://huggingface.co/api/models/microsoft/Fara1.5-4B/tree/main?recursive=true&expand=false "HTTP/1.1 200 OK"
07:40:00 [INFO] HTTP Request: HEAD https://huggingface.co/microsoft/Fara1.5-4B/resolve/main/vocab.json "HTTP/1.1 307 Temporary Redirect"
07:40:00 [INFO] HTTP Request: HEAD https://huggingface.co/api/resolve-cache/models/microsoft/Fara1.5-4B/776a33ae5b2ad503796a97ae20fdc66f61d2feea/vocab.json "HTTP/1.1 200 OK"
07:40:00 [INFO] HTTP Request: GET https://huggingface.co/api/resolve-cache/models/microsoft/Fara1.5-4B/776a33ae5b2ad503796a97ae20fdc66f61d2feea/vocab.json "HTTP/1.1 200 OK"
07:40:00 [INFO] HTTP Request: HEAD https://huggingface.co/microsoft/Fara1.5-4B/resolve/main/merges.txt "HTTP/1.1 307 Temporary Redirect"
07:40:00 [INFO] HTTP Request: HEAD https://huggingface.co/api/resolve-cache/models/microsoft/Fara1.5-4B/776a33ae5b2ad503796a97ae20fdc66f61d2feea/merges.txt "HTTP/1.1 200 OK"
07:40:00 [INFO] HTTP Request: GET https://huggingface.co/api/resolve-cache/models/microsoft/Fara1.5-4B/776a33ae5b2ad503796a97ae20fdc66f61d2feea/merges.txt "HTTP/1.1 200 OK"
07:40:00 [INFO] HTTP Request: HEAD https://huggingface.co/microsoft/Fara1.5-4B/resolve/main/tokenizer.json "HTTP/1.1 302 Found"
07:40:01 [INFO] HTTP Request: HEAD https://huggingface.co/microsoft/Fara1.5-4B/resolve/main/added_tokens.json "HTTP/1.1 404 Not Found"
07:40:01 [INFO] HTTP Request: HEAD https://huggingface.co/microsoft/Fara1.5-4B/resolve/main/special_tokens_map.json "HTTP/1.1 404 Not Found"
07:40:01 [INFO] HTTP Request: HEAD https://huggingface.co/microsoft/Fara1.5-4B/resolve/main/chat_template.jinja "HTTP/1.1 307 Temporary Redirect"
07:40:01 [INFO] HTTP Request: HEAD https://huggingface.co/api/resolve-cache/models/microsoft/Fara1.5-4B/776a33ae5b2ad503796a97ae20fdc66f61d2feea/chat_template.jinja "HTTP/1.1 200 OK"
07:40:01 [INFO] HTTP Request: GET https://huggingface.co/api/resolve-cache/models/microsoft/Fara1.5-4B/776a33ae5b2ad503796a97ae20fdc66f61d2feea/chat_template.jinja "HTTP/1.1 200 OK"
07:40:02 [INFO] HTTP Request: GET https://huggingface.co/api/models/microsoft/Fara1.5-4B "HTTP/1.1 200 OK"
07:40:02 [INFO] Loading model...
07:40:02 [INFO] HTTP Request: HEAD https://huggingface.co/microsoft/Fara1.5-4B/resolve/main/config.json "HTTP/1.1 307 Temporary Redirect"
07:40:02 [INFO] HTTP Request: HEAD https://huggingface.co/api/resolve-cache/models/microsoft/Fara1.5-4B/776a33ae5b2ad503796a97ae20fdc66f61d2feea/config.json "HTTP/1.1 200 OK"
07:40:03 [INFO] HTTP Request: HEAD https://huggingface.co/microsoft/Fara1.5-4B/resolve/main/model.safetensors "HTTP/1.1 404 Not Found"
07:40:03 [INFO] HTTP Request: HEAD https://huggingface.co/microsoft/Fara1.5-4B/resolve/main/model.safetensors.index.json "HTTP/1.1 307 Temporary Redirect"
07:40:03 [INFO] HTTP Request: HEAD https://huggingface.co/api/resolve-cache/models/microsoft/Fara1.5-4B/776a33ae5b2ad503796a97ae20fdc66f61d2feea/model.safetensors.index.json "HTTP/1.1 200 OK"
07:40:03 [INFO] HTTP Request: GET https://huggingface.co/api/resolve-cache/models/microsoft/Fara1.5-4B/776a33ae5b2ad503796a97ae20fdc66f61d2feea/model.safetensors.index.json "HTTP/1.1 200 OK"
07:40:03 [INFO] HTTP Request: GET https://huggingface.co/api/models/microsoft/Fara1.5-4B/revision/main "HTTP/1.1 200 OK"
07:40:03 [INFO] HTTP Request: GET https://huggingface.co/api/models/microsoft/Fara1.5-4B/tree/776a33ae5b2ad503796a97ae20fdc66f61d2feea?recursive=true&expand=false "HTTP/1.1 200 OK"
[transformers] The fast path is not available because one of the required library is not installed. Falling back to torch implementation. To install follow https://github.com/fla-org/flash-linear-attention#installation and https://github.com/Dao-AILab/causal-conv1d
07:40:19 [INFO] HTTP Request: HEAD https://huggingface.co/microsoft/Fara1.5-4B/resolve/main/generation_config.json "HTTP/1.1 307 Temporary Redirect"
07:40:19 [INFO] HTTP Request: HEAD https://huggingface.co/api/resolve-cache/models/microsoft/Fara1.5-4B/776a33ae5b2ad503796a97ae20fdc66f61d2feea/generation_config.json "HTTP/1.1 200 OK"
07:40:19 [INFO] HTTP Request: GET https://huggingface.co/api/resolve-cache/models/microsoft/Fara1.5-4B/776a33ae5b2ad503796a97ae20fdc66f61d2feea/generation_config.json "HTTP/1.1 200 OK"
07:40:19 [INFO] HTTP Request: HEAD https://huggingface.co/microsoft/Fara1.5-4B/resolve/main/custom_generate/generate.py "HTTP/1.1 404 Not Found"
07:40:19 [INFO] Architecture: Qwen3_5ForCausalLM (model_type=qwen3_5_text, moe=False)
07:40:19 [INFO] Ignore layers (default): lm_head
07:40:19 [INFO] Configuring AutoRound...
[38;20m2026-08-03 07:40:19 INFO config.py L53: `enable_opt_rtn` is turned on, set `--disable_opt_rtn` for higher speed at the cost of accuracy.[0m
[38;20m2026-08-03 07:40:19 INFO entry.py L745: Using MLLM mode for multimodal model.[0m
07:40:19 [INFO] HTTP Request: HEAD https://huggingface.co/microsoft/Fara1.5-4B/resolve/main/config.json "HTTP/1.1 307 Temporary Redirect"
07:40:19 [INFO] HTTP Request: HEAD https://huggingface.co/api/resolve-cache/models/microsoft/Fara1.5-4B/776a33ae5b2ad503796a97ae20fdc66f61d2feea/config.json "HTTP/1.1 200 OK"
07:40:19 [INFO] HTTP Request: HEAD https://huggingface.co/microsoft/Fara1.5-4B/resolve/main/model_index.json "HTTP/1.1 404 Not Found"
404 Client Error. (Request ID: Root=1-6a7045e3-248c01505089d6a46ee96319;bd152610-651b-4fc2-b33f-42299baa4194)

Entry Not Found for url: https://huggingface.co/microsoft/Fara1.5-4B/resolve/main/model_index.json.
07:40:19 [INFO] HTTP Request: HEAD https://huggingface.co/microsoft/Fara1.5-4B/resolve/main/config.json "HTTP/1.1 307 Temporary Redirect"
07:40:19 [INFO] HTTP Request: HEAD https://huggingface.co/api/resolve-cache/models/microsoft/Fara1.5-4B/776a33ae5b2ad503796a97ae20fdc66f61d2feea/config.json "HTTP/1.1 200 OK"
07:40:19 [INFO] HTTP Request: GET https://huggingface.co/api/models/microsoft/Fara1.5-4B/tree/main?recursive=true&expand=false "HTTP/1.1 200 OK"
07:40:19 [INFO] HTTP Request: HEAD https://huggingface.co/microsoft/Fara1.5-4B/resolve/main/config.json "HTTP/1.1 307 Temporary Redirect"
07:40:19 [INFO] HTTP Request: HEAD https://huggingface.co/api/resolve-cache/models/microsoft/Fara1.5-4B/776a33ae5b2ad503796a97ae20fdc66f61d2feea/config.json "HTTP/1.1 200 OK"
07:40:19 [INFO] HTTP Request: HEAD https://huggingface.co/microsoft/Fara1.5-4B/resolve/main/config.json "HTTP/1.1 307 Temporary Redirect"
07:40:19 [INFO] HTTP Request: HEAD https://huggingface.co/api/resolve-cache/models/microsoft/Fara1.5-4B/776a33ae5b2ad503796a97ae20fdc66f61d2feea/config.json "HTTP/1.1 200 OK"
07:40:19 [INFO] HTTP Request: HEAD https://huggingface.co/microsoft/Fara1.5-4B/resolve/main/model.safetensors "HTTP/1.1 404 Not Found"
07:40:20 [INFO] HTTP Request: HEAD https://huggingface.co/microsoft/Fara1.5-4B/resolve/main/model.safetensors.index.json "HTTP/1.1 307 Temporary Redirect"
07:40:20 [INFO] HTTP Request: HEAD https://huggingface.co/api/resolve-cache/models/microsoft/Fara1.5-4B/776a33ae5b2ad503796a97ae20fdc66f61d2feea/model.safetensors.index.json "HTTP/1.1 200 OK"
07:40:20 [INFO] HTTP Request: GET https://huggingface.co/api/models/microsoft/Fara1.5-4B/revision/main "HTTP/1.1 200 OK"
07:40:20 [INFO] HTTP Request: HEAD https://huggingface.co/microsoft/Fara1.5-4B/resolve/main/generation_config.json "HTTP/1.1 307 Temporary Redirect"
07:40:20 [INFO] HTTP Request: HEAD https://huggingface.co/api/resolve-cache/models/microsoft/Fara1.5-4B/776a33ae5b2ad503796a97ae20fdc66f61d2feea/generation_config.json "HTTP/1.1 200 OK"
07:40:20 [INFO] HTTP Request: HEAD https://huggingface.co/microsoft/Fara1.5-4B/resolve/main/custom_generate/generate.py "HTTP/1.1 404 Not Found"
07:40:20 [INFO] HTTP Request: HEAD https://huggingface.co/microsoft/Fara1.5-4B/resolve/main/config.json "HTTP/1.1 307 Temporary Redirect"
07:40:20 [INFO] HTTP Request: HEAD https://huggingface.co/api/resolve-cache/models/microsoft/Fara1.5-4B/776a33ae5b2ad503796a97ae20fdc66f61d2feea/config.json "HTTP/1.1 200 OK"
07:40:20 [INFO] HTTP Request: HEAD https://huggingface.co/microsoft/Fara1.5-4B/resolve/main/tokenizer_config.json "HTTP/1.1 307 Temporary Redirect"
07:40:20 [INFO] HTTP Request: HEAD https://huggingface.co/api/resolve-cache/models/microsoft/Fara1.5-4B/776a33ae5b2ad503796a97ae20fdc66f61d2feea/tokenizer_config.json "HTTP/1.1 200 OK"
07:40:20 [INFO] HTTP Request: HEAD https://huggingface.co/microsoft/Fara1.5-4B/resolve/main/tokenizer_config.json "HTTP/1.1 307 Temporary Redirect"
07:40:20 [INFO] HTTP Request: HEAD https://huggingface.co/api/resolve-cache/models/microsoft/Fara1.5-4B/776a33ae5b2ad503796a97ae20fdc66f61d2feea/tokenizer_config.json "HTTP/1.1 200 OK"
07:40:20 [INFO] HTTP Request: GET https://huggingface.co/api/models/microsoft/Fara1.5-4B/tree/main/additional_chat_templates?recursive=false&expand=false "HTTP/1.1 404 Not Found"
07:40:20 [INFO] HTTP Request: GET https://huggingface.co/api/models/microsoft/Fara1.5-4B/tree/main?recursive=true&expand=false "HTTP/1.1 200 OK"
07:40:21 [INFO] HTTP Request: GET https://huggingface.co/api/models/microsoft/Fara1.5-4B "HTTP/1.1 200 OK"
07:40:21 [INFO] HTTP Request: HEAD https://huggingface.co/microsoft/Fara1.5-4B/resolve/main/processor_config.json "HTTP/1.1 307 Temporary Redirect"
07:40:21 [INFO] HTTP Request: HEAD https://huggingface.co/api/resolve-cache/models/microsoft/Fara1.5-4B/776a33ae5b2ad503796a97ae20fdc66f61d2feea/processor_config.json "HTTP/1.1 200 OK"
07:40:22 [INFO] HTTP Request: GET https://huggingface.co/api/resolve-cache/models/microsoft/Fara1.5-4B/776a33ae5b2ad503796a97ae20fdc66f61d2feea/processor_config.json "HTTP/1.1 200 OK"
07:40:22 [INFO] HTTP Request: GET https://huggingface.co/api/models/microsoft/Fara1.5-4B/tree/main/additional_chat_templates?recursive=false&expand=false "HTTP/1.1 404 Not Found"
07:40:22 [INFO] HTTP Request: HEAD https://huggingface.co/microsoft/Fara1.5-4B/resolve/main/processor_config.json "HTTP/1.1 307 Temporary Redirect"
07:40:22 [INFO] HTTP Request: HEAD https://huggingface.co/api/resolve-cache/models/microsoft/Fara1.5-4B/776a33ae5b2ad503796a97ae20fdc66f61d2feea/processor_config.json "HTTP/1.1 200 OK"
07:40:22 [INFO] HTTP Request: HEAD https://huggingface.co/microsoft/Fara1.5-4B/resolve/main/chat_template.json "HTTP/1.1 404 Not Found"
07:40:22 [INFO] HTTP Request: HEAD https://huggingface.co/microsoft/Fara1.5-4B/resolve/main/chat_template.jinja "HTTP/1.1 307 Temporary Redirect"
07:40:22 [INFO] HTTP Request: HEAD https://huggingface.co/api/resolve-cache/models/microsoft/Fara1.5-4B/776a33ae5b2ad503796a97ae20fdc66f61d2feea/chat_template.jinja "HTTP/1.1 200 OK"
07:40:22 [INFO] HTTP Request: HEAD https://huggingface.co/microsoft/Fara1.5-4B/resolve/main/audio_tokenizer_config.json "HTTP/1.1 404 Not Found"
07:40:22 [INFO] HTTP Request: GET https://huggingface.co/api/models/microsoft/Fara1.5-4B/tree/main/additional_chat_templates?recursive=false&expand=false "HTTP/1.1 404 Not Found"
07:40:22 [INFO] HTTP Request: HEAD https://huggingface.co/microsoft/Fara1.5-4B/resolve/main/processor_config.json "HTTP/1.1 307 Temporary Redirect"
07:40:22 [INFO] HTTP Request: HEAD https://huggingface.co/api/resolve-cache/models/microsoft/Fara1.5-4B/776a33ae5b2ad503796a97ae20fdc66f61d2feea/processor_config.json "HTTP/1.1 200 OK"
07:40:22 [INFO] HTTP Request: HEAD https://huggingface.co/microsoft/Fara1.5-4B/resolve/main/chat_template.json "HTTP/1.1 404 Not Found"
07:40:22 [INFO] HTTP Request: HEAD https://huggingface.co/microsoft/Fara1.5-4B/resolve/main/chat_template.jinja "HTTP/1.1 307 Temporary Redirect"
07:40:22 [INFO] HTTP Request: HEAD https://huggingface.co/api/resolve-cache/models/microsoft/Fara1.5-4B/776a33ae5b2ad503796a97ae20fdc66f61d2feea/chat_template.jinja "HTTP/1.1 200 OK"
07:40:22 [INFO] HTTP Request: HEAD https://huggingface.co/microsoft/Fara1.5-4B/resolve/main/audio_tokenizer_config.json "HTTP/1.1 404 Not Found"
07:40:22 [INFO] HTTP Request: HEAD https://huggingface.co/microsoft/Fara1.5-4B/resolve/main/processor_config.json "HTTP/1.1 307 Temporary Redirect"
07:40:22 [INFO] HTTP Request: HEAD https://huggingface.co/api/resolve-cache/models/microsoft/Fara1.5-4B/776a33ae5b2ad503796a97ae20fdc66f61d2feea/processor_config.json "HTTP/1.1 200 OK"
07:40:22 [INFO] HTTP Request: HEAD https://huggingface.co/microsoft/Fara1.5-4B/resolve/main/preprocessor_config.json "HTTP/1.1 307 Temporary Redirect"
07:40:22 [INFO] HTTP Request: HEAD https://huggingface.co/api/resolve-cache/models/microsoft/Fara1.5-4B/776a33ae5b2ad503796a97ae20fdc66f61d2feea/preprocessor_config.json "HTTP/1.1 200 OK"
07:40:22 [INFO] HTTP Request: GET https://huggingface.co/api/resolve-cache/models/microsoft/Fara1.5-4B/776a33ae5b2ad503796a97ae20fdc66f61d2feea/preprocessor_config.json "HTTP/1.1 200 OK"
07:40:22 [ERROR] Quantization failed: Could not load any image processor class for microsoft/Fara1.5-4B. The model configuration resolves to the following image processor classes: pil: Qwen2VLImageProcessorPil, torchvision: Qwen2VLImageProcessor. None of these classes could be imported. Missing optional dependencies: torchvision, Pillow. Please install the missing dependencies or select a backend that is available in your environment.
Traceback (most recent call last):
  File "/root/_work/1/s/auto_quant/phases/quantize.py", line 479, in <module>
    quantize(args)
  File "/root/_work/1/s/auto_quant/phases/quantize.py", line 357, in quantize
    autoround = AutoRound(**ar_kwargs)
                ^^^^^^^^^^^^^^^^^^^^^^
  File "/root/.venv/lib/python3.12/site-packages/auto_round/autoround.py", line 261, in __new__
    return AutoRoundCompatible(
           ^^^^^^^^^^^^^^^^^^^^
  File "/root/.venv/lib/python3.12/site-packages/auto_round/compressors/entry.py", line 752, in __new__
    compressor = AutoRound(
                 ^^^^^^^^^^
  File "/root/.venv/lib/python3.12/site-packages/auto_round/compressors/entry.py", line 430, in __new__
    return _get_compressor_class(model_type, base_cls)(alg_configs, **local_args, **ctor_kwargs)
           ^^^^^^^^^^^^^^^^^^^^^^^^^^^^^^^^^^^^^^^^^^^^^^^^^^^^^^^^^^^^^^^^^^^^^^^^^^^^^^^^^^^^^
  File "/root/.venv/lib/python3.12/site-packages/auto_round/compressors/mllm_mixin.py", line 89, in __init__
    super().__init__(*args, **kwargs)
  File "/root/.venv/lib/python3.12/site-packages/auto_round/compressors/data_driven.py", line 1024, in __init__
    super().__init__(
  File "/root/.venv/lib/python3.12/site-packages/auto_round/compressors/data_driven.py", line 96, in __init__
    super().__init__(
  File "/root/.venv/lib/python3.12/site-packages/auto_round/compressors/base.py", line 379, in __init__
    self.model_context = ModelContext(
                         ^^^^^^^^^^^^^
  File "/root/.venv/lib/python3.12/site-packages/auto_round/context/base.py", line 39, in __call__
    instance.__init__(*args, **kwargs)
  File "/root/.venv/lib/python3.12/site-packages/auto_round/context/base.py", line 27, in wrapped_init
    original_init(self, *args, **kwargs)
  File "/root/.venv/lib/python3.12/site-packages/auto_round/context/model.py", line 110, in __init__
    self._load_model()
  File "/root/.venv/lib/python3.12/site-packages/auto_round/context/model.py", line 151, in _load_model
    self.model, self.processor, self.tokenizer, self.image_processor = mllm_load_model(
                                                                       ^^^^^^^^^^^^^^^^
  File "/root/.venv/lib/python3.12/site-packages/auto_round/utils/model.py", line 758, in mllm_load_model
    processor = AutoProcessor.from_pretrained(
                ^^^^^^^^^^^^^^^^^^^^^^^^^^^^^^
  File "/root/.venv/lib/python3.12/site-packages/transformers/models/auto/processing_auto.py", line 328, in from_pretrained
    return processor_class.from_pretrained(
           ^^^^^^^^^^^^^^^^^^^^^^^^^^^^^^^^
  File "/root/.venv/lib/python3.12/site-packages/transformers/processing_utils.py", line 1722, in from_pretrained
    args = cls._get_arguments_from_pretrained(pretrained_model_name_or_path, processor_dict, **kwargs)
           ^^^^^^^^^^^^^^^^^^^^^^^^^^^^^^^^^^^^^^^^^^^^^^^^^^^^^^^^^^^^^^^^^^^^^^^^^^^^^^^^^^^^^^^^^^^
  File "/root/.venv/lib/python3.12/site-packages/transformers/processing_utils.py", line 1862, in _get_arguments_from_pretrained
    sub_processor = auto_processor_class.from_pretrained(
                    ^^^^^^^^^^^^^^^^^^^^^^^^^^^^^^^^^^^^^
  File "/root/.venv/lib/python3.12/site-packages/transformers/models/auto/image_processing_auto.py", line 691, in from_pretrained
    raise ValueError(_format_unavailable_image_processor_error(pretrained_model_name_or_path, mapping))
ValueError: Could not load any image processor class for microsoft/Fara1.5-4B. The model configuration resolves to the following image processor classes: pil: Qwen2VLImageProcessorPil, torchvision: Qwen2VLImageProcessor. None of these classes could be imported. Missing optional dependencies: torchvision, Pillow. Please install the missing dependencies or select a backend that is available in your environment.
