=== Phase 2: Quantization ===
  model=stepfun-ai/Step-3.7-Flash
  scheme=W4A16
  iters=0
  export_format=auto_round
  model_free=false
  ignore_layers=<default>
  layer_config=<none>
  output_dir=/root/_work/1/s/auto_quant/output/runs/Step-3.7-Flash-AutoRound-W4A16-RTN/quantized_model
12:51:25 [INFO] Quantization compute device: cuda:0 (device_map=0)
12:51:25 [INFO] GPU0 free VRAM: 139.2GB / 139.7GB (min required: 2.0GB)
12:51:25 [INFO] Model: stepfun-ai/Step-3.7-Flash
12:51:25 [INFO] Scheme: W4A16 → AutoRound scheme='W4A16'
12:51:25 [INFO] Iters: 0 (RTN)
12:51:25 [INFO] Export format: auto_round
12:51:25 [INFO] Output: /root/_work/1/s/auto_quant/output/runs/Step-3.7-Flash-AutoRound-W4A16-RTN/quantized_model
12:51:25 [INFO] Device map: auto → effective: 0
12:51:25 [INFO] Loading tokenizer...
12:51:25 [INFO] HTTP Request: HEAD https://huggingface.co/stepfun-ai/Step-3.7-Flash/resolve/main/config.json "HTTP/1.1 307 Temporary Redirect"
12:51:25 [INFO] HTTP Request: HEAD https://huggingface.co/api/resolve-cache/models/stepfun-ai/Step-3.7-Flash/5f6244077ac62e04eec3f320501ff8c2b293373a/config.json "HTTP/1.1 200 OK"
12:51:25 [INFO] HTTP Request: HEAD https://huggingface.co/stepfun-ai/Step-3.7-Flash/resolve/main/configuration_step3p7.py "HTTP/1.1 307 Temporary Redirect"
12:51:25 [INFO] HTTP Request: HEAD https://huggingface.co/api/resolve-cache/models/stepfun-ai/Step-3.7-Flash/5f6244077ac62e04eec3f320501ff8c2b293373a/configuration_step3p7.py "HTTP/1.1 200 OK"
12:51:25 [INFO] HTTP Request: HEAD https://huggingface.co/stepfun-ai/Step-3.7-Flash/resolve/main/config.json "HTTP/1.1 307 Temporary Redirect"
12:51:25 [INFO] HTTP Request: HEAD https://huggingface.co/api/resolve-cache/models/stepfun-ai/Step-3.7-Flash/5f6244077ac62e04eec3f320501ff8c2b293373a/config.json "HTTP/1.1 200 OK"
[transformers] `torch_dtype` is deprecated! Use `dtype` instead!
12:51:25 [INFO] HTTP Request: HEAD https://huggingface.co/stepfun-ai/Step-3.7-Flash/resolve/main/tokenizer_config.json "HTTP/1.1 307 Temporary Redirect"
12:51:25 [INFO] HTTP Request: HEAD https://huggingface.co/api/resolve-cache/models/stepfun-ai/Step-3.7-Flash/5f6244077ac62e04eec3f320501ff8c2b293373a/tokenizer_config.json "HTTP/1.1 200 OK"
12:51:25 [INFO] HTTP Request: GET https://huggingface.co/api/resolve-cache/models/stepfun-ai/Step-3.7-Flash/5f6244077ac62e04eec3f320501ff8c2b293373a/tokenizer_config.json "HTTP/1.1 200 OK"
12:51:25 [INFO] HTTP Request: GET https://huggingface.co/api/models/stepfun-ai/Step-3.7-Flash/tree/main/additional_chat_templates?recursive=false&expand=false "HTTP/1.1 404 Not Found"
12:51:25 [INFO] HTTP Request: GET https://huggingface.co/api/models/stepfun-ai/Step-3.7-Flash/tree/main?recursive=true&expand=false "HTTP/1.1 200 OK"
12:51:26 [INFO] HTTP Request: HEAD https://huggingface.co/stepfun-ai/Step-3.7-Flash/resolve/main/tokenizer.model "HTTP/1.1 404 Not Found"
12:51:26 [INFO] HTTP Request: HEAD https://huggingface.co/stepfun-ai/Step-3.7-Flash/resolve/main/tokenizer.json "HTTP/1.1 307 Temporary Redirect"
12:51:26 [INFO] HTTP Request: HEAD https://huggingface.co/api/resolve-cache/models/stepfun-ai/Step-3.7-Flash/5f6244077ac62e04eec3f320501ff8c2b293373a/tokenizer.json "HTTP/1.1 200 OK"
12:51:26 [INFO] HTTP Request: GET https://huggingface.co/api/resolve-cache/models/stepfun-ai/Step-3.7-Flash/5f6244077ac62e04eec3f320501ff8c2b293373a/tokenizer.json "HTTP/1.1 200 OK"
12:51:26 [INFO] HTTP Request: HEAD https://huggingface.co/stepfun-ai/Step-3.7-Flash/resolve/main/added_tokens.json "HTTP/1.1 404 Not Found"
12:51:26 [INFO] HTTP Request: HEAD https://huggingface.co/stepfun-ai/Step-3.7-Flash/resolve/main/special_tokens_map.json "HTTP/1.1 307 Temporary Redirect"
12:51:26 [INFO] HTTP Request: HEAD https://huggingface.co/api/resolve-cache/models/stepfun-ai/Step-3.7-Flash/5f6244077ac62e04eec3f320501ff8c2b293373a/special_tokens_map.json "HTTP/1.1 200 OK"
12:51:26 [INFO] HTTP Request: GET https://huggingface.co/api/resolve-cache/models/stepfun-ai/Step-3.7-Flash/5f6244077ac62e04eec3f320501ff8c2b293373a/special_tokens_map.json "HTTP/1.1 200 OK"
12:51:26 [INFO] HTTP Request: HEAD https://huggingface.co/stepfun-ai/Step-3.7-Flash/resolve/main/chat_template.jinja "HTTP/1.1 307 Temporary Redirect"
12:51:26 [INFO] HTTP Request: HEAD https://huggingface.co/api/resolve-cache/models/stepfun-ai/Step-3.7-Flash/5f6244077ac62e04eec3f320501ff8c2b293373a/chat_template.jinja "HTTP/1.1 200 OK"
12:51:26 [INFO] HTTP Request: GET https://huggingface.co/api/resolve-cache/models/stepfun-ai/Step-3.7-Flash/5f6244077ac62e04eec3f320501ff8c2b293373a/chat_template.jinja "HTTP/1.1 200 OK"
12:51:27 [INFO] HTTP Request: GET https://huggingface.co/api/models/stepfun-ai/Step-3.7-Flash "HTTP/1.1 200 OK"
12:51:27 [INFO] Loading model...
12:51:27 [INFO] HTTP Request: HEAD https://huggingface.co/stepfun-ai/Step-3.7-Flash/resolve/main/config.json "HTTP/1.1 307 Temporary Redirect"
12:51:27 [INFO] HTTP Request: HEAD https://huggingface.co/api/resolve-cache/models/stepfun-ai/Step-3.7-Flash/5f6244077ac62e04eec3f320501ff8c2b293373a/config.json "HTTP/1.1 200 OK"
12:51:27 [INFO] HTTP Request: HEAD https://huggingface.co/stepfun-ai/Step-3.7-Flash/resolve/main/configuration_step3p7.py "HTTP/1.1 307 Temporary Redirect"
12:51:27 [INFO] HTTP Request: HEAD https://huggingface.co/api/resolve-cache/models/stepfun-ai/Step-3.7-Flash/5f6244077ac62e04eec3f320501ff8c2b293373a/configuration_step3p7.py "HTTP/1.1 200 OK"
12:51:27 [INFO] HTTP Request: HEAD https://huggingface.co/stepfun-ai/Step-3.7-Flash/resolve/main/modeling_step3p7.py "HTTP/1.1 307 Temporary Redirect"
12:51:27 [INFO] HTTP Request: HEAD https://huggingface.co/api/resolve-cache/models/stepfun-ai/Step-3.7-Flash/5f6244077ac62e04eec3f320501ff8c2b293373a/modeling_step3p7.py "HTTP/1.1 200 OK"
12:51:27 [INFO] HTTP Request: GET https://huggingface.co/api/resolve-cache/models/stepfun-ai/Step-3.7-Flash/5f6244077ac62e04eec3f320501ff8c2b293373a/modeling_step3p7.py "HTTP/1.1 200 OK"
12:51:27 [INFO] HTTP Request: HEAD https://huggingface.co/stepfun-ai/Step-3.7-Flash/resolve/main/vision_encoder.py "HTTP/1.1 307 Temporary Redirect"
12:51:27 [INFO] HTTP Request: HEAD https://huggingface.co/api/resolve-cache/models/stepfun-ai/Step-3.7-Flash/5f6244077ac62e04eec3f320501ff8c2b293373a/vision_encoder.py "HTTP/1.1 200 OK"
12:51:27 [INFO] HTTP Request: GET https://huggingface.co/api/resolve-cache/models/stepfun-ai/Step-3.7-Flash/5f6244077ac62e04eec3f320501ff8c2b293373a/vision_encoder.py "HTTP/1.1 200 OK"
[transformers] A new version of the following files was downloaded from https://huggingface.co/stepfun-ai/Step-3.7-Flash:
- vision_encoder.py
. Make sure to double-check they do not contain any added malicious code. To avoid downloading new versions of the code file, you can pin a revision.
[transformers] A new version of the following files was downloaded from https://huggingface.co/stepfun-ai/Step-3.7-Flash:
- modeling_step3p7.py
- vision_encoder.py
. Make sure to double-check they do not contain any added malicious code. To avoid downloading new versions of the code file, you can pin a revision.
12:51:27 [INFO] HTTP Request: HEAD https://huggingface.co/stepfun-ai/Step-3.7-Flash/resolve/main/model.safetensors "HTTP/1.1 404 Not Found"
12:51:27 [INFO] HTTP Request: HEAD https://huggingface.co/stepfun-ai/Step-3.7-Flash/resolve/main/model.safetensors.index.json "HTTP/1.1 307 Temporary Redirect"
12:51:27 [INFO] HTTP Request: HEAD https://huggingface.co/api/resolve-cache/models/stepfun-ai/Step-3.7-Flash/5f6244077ac62e04eec3f320501ff8c2b293373a/model.safetensors.index.json "HTTP/1.1 200 OK"
12:51:27 [INFO] HTTP Request: GET https://huggingface.co/api/resolve-cache/models/stepfun-ai/Step-3.7-Flash/5f6244077ac62e04eec3f320501ff8c2b293373a/model.safetensors.index.json "HTTP/1.1 200 OK"
12:51:27 [INFO] HTTP Request: GET https://huggingface.co/api/models/stepfun-ai/Step-3.7-Flash/revision/main "HTTP/1.1 200 OK"
12:51:27 [INFO] HTTP Request: GET https://huggingface.co/api/models/stepfun-ai/Step-3.7-Flash/tree/5f6244077ac62e04eec3f320501ff8c2b293373a?recursive=true&expand=false "HTTP/1.1 200 OK"
/root/.venv/lib/python3.12/site-packages/huggingface_hub/file_download.py:746: UserWarning: Not enough free disk space to download the file. The expected file size is: 18624.85 MB. The target location /root/.cache/huggingface/hub/models--stepfun-ai--Step-3.7-Flash/blobs only has 4765.04 MB free disk space.
  warnings.warn(
12:53:31 [ERROR] Quantization failed: Task error: File reconstruction error: Internal Writer Error: Background writer channel closed
Traceback (most recent call last):
  File "/root/_work/1/s/auto_quant/phases/quantize.py", line 479, in <module>
    quantize(args)
  File "/root/_work/1/s/auto_quant/phases/quantize.py", line 293, in quantize
    model = AutoModelForCausalLM.from_pretrained(
            ^^^^^^^^^^^^^^^^^^^^^^^^^^^^^^^^^^^^^
  File "/root/.venv/lib/python3.12/site-packages/auto_round/utils/common.py", line 140, in patched
    return underlying_func(klass, *args, **kwargs)
           ^^^^^^^^^^^^^^^^^^^^^^^^^^^^^^^^^^^^^^^
  File "/root/.venv/lib/python3.12/site-packages/transformers/models/auto/auto_factory.py", line 385, in from_pretrained
    return model_class.from_pretrained(
           ^^^^^^^^^^^^^^^^^^^^^^^^^^^^
  File "/root/.cache/huggingface/modules/transformers_modules/stepfun_hyphen_ai/Step_hyphen_3_dot_7_hyphen_Flash/5f6244077ac62e04eec3f320501ff8c2b293373a/modeling_step3p7.py", line 194, in from_pretrained
    return super().from_pretrained(
           ^^^^^^^^^^^^^^^^^^^^^^^^
  File "/root/.venv/lib/python3.12/site-packages/transformers/modeling_utils.py", line 4355, in from_pretrained
    checkpoint_files, sharded_metadata = _get_resolved_checkpoint_files(
                                         ^^^^^^^^^^^^^^^^^^^^^^^^^^^^^^^
  File "/root/.venv/lib/python3.12/site-packages/transformers/modeling_utils.py", line 814, in _get_resolved_checkpoint_files
    checkpoint_files, sharded_metadata = get_checkpoint_shard_files(
                                         ^^^^^^^^^^^^^^^^^^^^^^^^^^^
  File "/root/.venv/lib/python3.12/site-packages/transformers/utils/hub.py", line 894, in get_checkpoint_shard_files
    cached_filenames = cached_files(
                       ^^^^^^^^^^^^^
  File "/root/.venv/lib/python3.12/site-packages/transformers/utils/hub.py", line 527, in cached_files
    raise e
  File "/root/.venv/lib/python3.12/site-packages/transformers/utils/hub.py", line 452, in cached_files
    snapshot_download(
  File "/root/.venv/lib/python3.12/site-packages/huggingface_hub/utils/_validators.py", line 88, in _inner_fn
    return fn(*args, **kwargs)
           ^^^^^^^^^^^^^^^^^^^
  File "/root/.venv/lib/python3.12/site-packages/huggingface_hub/_snapshot_download.py", line 522, in snapshot_download
    hf_thread_map(
  File "/root/.venv/lib/python3.12/site-packages/huggingface_hub/utils/tqdm.py", line 441, in hf_thread_map
    results[future_to_index[future]] = future.result()
                                       ^^^^^^^^^^^^^^^
  File "/root/.local/share/uv/python/cpython-3.12.13-linux-x86_64-gnu/lib/python3.12/concurrent/futures/_base.py", line 449, in result
    return self.__get_result()
           ^^^^^^^^^^^^^^^^^^^
  File "/root/.local/share/uv/python/cpython-3.12.13-linux-x86_64-gnu/lib/python3.12/concurrent/futures/_base.py", line 401, in __get_result
    raise self._exception
  File "/root/.local/share/uv/python/cpython-3.12.13-linux-x86_64-gnu/lib/python3.12/concurrent/futures/thread.py", line 59, in run
    result = self.fn(*self.args, **self.kwargs)
             ^^^^^^^^^^^^^^^^^^^^^^^^^^^^^^^^^^
  File "/root/.venv/lib/python3.12/site-packages/huggingface_hub/_snapshot_download.py", line 502, in _inner_hf_hub_download
    hf_hub_download(  # type: ignore
  File "/root/.venv/lib/python3.12/site-packages/huggingface_hub/utils/_validators.py", line 88, in _inner_fn
    return fn(*args, **kwargs)
           ^^^^^^^^^^^^^^^^^^^
  File "/root/.venv/lib/python3.12/site-packages/huggingface_hub/file_download.py", line 1019, in hf_hub_download
    return _hf_hub_download_to_cache_dir(
           ^^^^^^^^^^^^^^^^^^^^^^^^^^^^^^
  File "/root/.venv/lib/python3.12/site-packages/huggingface_hub/file_download.py", line 1242, in _hf_hub_download_to_cache_dir
    _download_to_tmp_and_move(
  File "/root/.venv/lib/python3.12/site-packages/huggingface_hub/file_download.py", line 1932, in _download_to_tmp_and_move
    xet_get(
  File "/root/.venv/lib/python3.12/site-packages/huggingface_hub/file_download.py", line 565, in xet_get
    with session.new_file_download_group(
         ^^^^^^^^^^^^^^^^^^^^^^^^^^^^^^^^
RuntimeError: Task error: File reconstruction error: Internal Writer Error: Background writer channel closed
