=== Phase 2: Quantization ===
  model=Don-oz/Tess-4-35B-A3B
  scheme=W4A16
  iters=0
  export_format=auto_round
  model_free=false
  ignore_layers=<default>
  layer_config=<none>
  output_dir=/root/_work/1/s/auto_quant/output/runs/Tess-4-35B-A3B-AutoRound-W4A16-RTN/quantized_model
06:59:34 [INFO] Quantization compute device: cuda:0 (device_map=0)
06:59:34 [INFO] GPU0 free VRAM: 94.4GB / 95.0GB (min required: 2.0GB)
06:59:34 [INFO] Model: Don-oz/Tess-4-35B-A3B
06:59:34 [INFO] Scheme: W4A16 → AutoRound scheme='W4A16'
06:59:34 [INFO] Iters: 0 (RTN)
06:59:34 [INFO] Export format: auto_round
06:59:34 [INFO] Output: /root/_work/1/s/auto_quant/output/runs/Tess-4-35B-A3B-AutoRound-W4A16-RTN/quantized_model
06:59:34 [INFO] Device map: auto → effective: 0
06:59:34 [INFO] Loading tokenizer...
06:59:34 [INFO] HTTP Request: HEAD https://huggingface.co/Don-oz/Tess-4-35B-A3B/resolve/main/config.json "HTTP/1.1 307 Temporary Redirect"
06:59:34 [INFO] HTTP Request: HEAD https://huggingface.co/api/resolve-cache/models/Don-oz/Tess-4-35B-A3B/b42bfd348a6fcd96207cbe7654abf2a8fd396254/config.json "HTTP/1.1 200 OK"
06:59:34 [INFO] HTTP Request: HEAD https://huggingface.co/Don-oz/Tess-4-35B-A3B/resolve/main/tokenizer_config.json "HTTP/1.1 307 Temporary Redirect"
06:59:34 [INFO] HTTP Request: HEAD https://huggingface.co/api/resolve-cache/models/Don-oz/Tess-4-35B-A3B/b42bfd348a6fcd96207cbe7654abf2a8fd396254/tokenizer_config.json "HTTP/1.1 200 OK"
06:59:34 [INFO] HTTP Request: GET https://huggingface.co/api/resolve-cache/models/Don-oz/Tess-4-35B-A3B/b42bfd348a6fcd96207cbe7654abf2a8fd396254/tokenizer_config.json "HTTP/1.1 200 OK"
06:59:35 [INFO] HTTP Request: HEAD https://huggingface.co/Don-oz/Tess-4-35B-A3B/resolve/main/tokenizer_config.json "HTTP/1.1 307 Temporary Redirect"
06:59:35 [INFO] HTTP Request: HEAD https://huggingface.co/api/resolve-cache/models/Don-oz/Tess-4-35B-A3B/b42bfd348a6fcd96207cbe7654abf2a8fd396254/tokenizer_config.json "HTTP/1.1 200 OK"
06:59:35 [INFO] HTTP Request: GET https://huggingface.co/api/models/Don-oz/Tess-4-35B-A3B/tree/main/additional_chat_templates?recursive=false&expand=false "HTTP/1.1 404 Not Found"
06:59:35 [INFO] HTTP Request: GET https://huggingface.co/api/models/Don-oz/Tess-4-35B-A3B/tree/main?recursive=true&expand=false "HTTP/1.1 200 OK"
06:59:35 [INFO] HTTP Request: HEAD https://huggingface.co/Don-oz/Tess-4-35B-A3B/resolve/main/vocab.json "HTTP/1.1 307 Temporary Redirect"
06:59:35 [INFO] HTTP Request: HEAD https://huggingface.co/api/resolve-cache/models/Don-oz/Tess-4-35B-A3B/b42bfd348a6fcd96207cbe7654abf2a8fd396254/vocab.json "HTTP/1.1 200 OK"
06:59:35 [INFO] HTTP Request: GET https://huggingface.co/api/resolve-cache/models/Don-oz/Tess-4-35B-A3B/b42bfd348a6fcd96207cbe7654abf2a8fd396254/vocab.json "HTTP/1.1 200 OK"
06:59:36 [INFO] HTTP Request: HEAD https://huggingface.co/Don-oz/Tess-4-35B-A3B/resolve/main/merges.txt "HTTP/1.1 307 Temporary Redirect"
06:59:36 [INFO] HTTP Request: HEAD https://huggingface.co/api/resolve-cache/models/Don-oz/Tess-4-35B-A3B/b42bfd348a6fcd96207cbe7654abf2a8fd396254/merges.txt "HTTP/1.1 200 OK"
06:59:36 [INFO] HTTP Request: GET https://huggingface.co/api/resolve-cache/models/Don-oz/Tess-4-35B-A3B/b42bfd348a6fcd96207cbe7654abf2a8fd396254/merges.txt "HTTP/1.1 200 OK"
06:59:36 [INFO] HTTP Request: HEAD https://huggingface.co/Don-oz/Tess-4-35B-A3B/resolve/main/tokenizer.json "HTTP/1.1 302 Found"
06:59:37 [INFO] HTTP Request: HEAD https://huggingface.co/Don-oz/Tess-4-35B-A3B/resolve/main/added_tokens.json "HTTP/1.1 404 Not Found"
06:59:37 [INFO] HTTP Request: HEAD https://huggingface.co/Don-oz/Tess-4-35B-A3B/resolve/main/special_tokens_map.json "HTTP/1.1 404 Not Found"
06:59:37 [INFO] HTTP Request: HEAD https://huggingface.co/Don-oz/Tess-4-35B-A3B/resolve/main/chat_template.jinja "HTTP/1.1 307 Temporary Redirect"
06:59:37 [INFO] HTTP Request: HEAD https://huggingface.co/api/resolve-cache/models/Don-oz/Tess-4-35B-A3B/b42bfd348a6fcd96207cbe7654abf2a8fd396254/chat_template.jinja "HTTP/1.1 200 OK"
06:59:38 [INFO] HTTP Request: GET https://huggingface.co/api/resolve-cache/models/Don-oz/Tess-4-35B-A3B/b42bfd348a6fcd96207cbe7654abf2a8fd396254/chat_template.jinja "HTTP/1.1 200 OK"
06:59:38 [INFO] HTTP Request: GET https://huggingface.co/api/models/Don-oz/Tess-4-35B-A3B "HTTP/1.1 200 OK"
06:59:38 [INFO] Loading model...
06:59:38 [INFO] HTTP Request: HEAD https://huggingface.co/Don-oz/Tess-4-35B-A3B/resolve/main/config.json "HTTP/1.1 307 Temporary Redirect"
06:59:38 [INFO] HTTP Request: HEAD https://huggingface.co/api/resolve-cache/models/Don-oz/Tess-4-35B-A3B/b42bfd348a6fcd96207cbe7654abf2a8fd396254/config.json "HTTP/1.1 200 OK"
06:59:39 [INFO] HTTP Request: HEAD https://huggingface.co/Don-oz/Tess-4-35B-A3B/resolve/main/model.safetensors "HTTP/1.1 404 Not Found"
06:59:39 [INFO] HTTP Request: HEAD https://huggingface.co/Don-oz/Tess-4-35B-A3B/resolve/main/model.safetensors.index.json "HTTP/1.1 307 Temporary Redirect"
06:59:39 [INFO] HTTP Request: HEAD https://huggingface.co/api/resolve-cache/models/Don-oz/Tess-4-35B-A3B/b42bfd348a6fcd96207cbe7654abf2a8fd396254/model.safetensors.index.json "HTTP/1.1 200 OK"
06:59:39 [INFO] HTTP Request: GET https://huggingface.co/api/resolve-cache/models/Don-oz/Tess-4-35B-A3B/b42bfd348a6fcd96207cbe7654abf2a8fd396254/model.safetensors.index.json "HTTP/1.1 200 OK"
06:59:39 [INFO] HTTP Request: GET https://huggingface.co/api/models/Don-oz/Tess-4-35B-A3B/revision/main "HTTP/1.1 200 OK"
06:59:39 [INFO] HTTP Request: GET https://huggingface.co/api/models/Don-oz/Tess-4-35B-A3B/tree/b42bfd348a6fcd96207cbe7654abf2a8fd396254?recursive=true&expand=false "HTTP/1.1 200 OK"
[transformers] The fast path is not available because one of the required library is not installed. Falling back to torch implementation. To install follow https://github.com/fla-org/flash-linear-attention#installation and https://github.com/Dao-AILab/causal-conv1d
07:01:09 [INFO] HTTP Request: HEAD https://huggingface.co/Don-oz/Tess-4-35B-A3B/resolve/main/generation_config.json "HTTP/1.1 404 Not Found"
07:01:09 [INFO] HTTP Request: HEAD https://huggingface.co/Don-oz/Tess-4-35B-A3B/resolve/main/config.json "HTTP/1.1 307 Temporary Redirect"
07:01:09 [INFO] HTTP Request: HEAD https://huggingface.co/api/resolve-cache/models/Don-oz/Tess-4-35B-A3B/b42bfd348a6fcd96207cbe7654abf2a8fd396254/config.json "HTTP/1.1 200 OK"
07:01:09 [INFO] HTTP Request: HEAD https://huggingface.co/Don-oz/Tess-4-35B-A3B/resolve/main/custom_generate/generate.py "HTTP/1.1 404 Not Found"
07:01:09 [INFO] Architecture: Qwen3_5MoeForCausalLM (model_type=qwen3_5_moe_text, moe=True)
07:01:09 [INFO] Ignore layers (default): lm_head
07:01:09 [INFO] Configuring AutoRound...
[38;20m2026-07-27 07:01:10 INFO config.py L53: `enable_opt_rtn` is turned on, set `--disable_opt_rtn` for higher speed at the cost of accuracy.[0m
[38;20m2026-07-27 07:01:10 INFO entry.py L745: Using MLLM mode for multimodal model.[0m
07:01:10 [INFO] HTTP Request: HEAD https://huggingface.co/Don-oz/Tess-4-35B-A3B/resolve/main/config.json "HTTP/1.1 307 Temporary Redirect"
07:01:10 [INFO] HTTP Request: HEAD https://huggingface.co/api/resolve-cache/models/Don-oz/Tess-4-35B-A3B/b42bfd348a6fcd96207cbe7654abf2a8fd396254/config.json "HTTP/1.1 200 OK"
07:01:10 [INFO] HTTP Request: HEAD https://huggingface.co/Don-oz/Tess-4-35B-A3B/resolve/main/model_index.json "HTTP/1.1 404 Not Found"
404 Client Error. (Request ID: Root=1-6a670236-364b2eaa3d11df617fda6f08;edd0cc2f-55e0-4abd-a7aa-1dfe2181e47b)

Entry Not Found for url: https://huggingface.co/Don-oz/Tess-4-35B-A3B/resolve/main/model_index.json.
07:01:10 [INFO] HTTP Request: HEAD https://huggingface.co/Don-oz/Tess-4-35B-A3B/resolve/main/config.json "HTTP/1.1 307 Temporary Redirect"
07:01:10 [INFO] HTTP Request: HEAD https://huggingface.co/api/resolve-cache/models/Don-oz/Tess-4-35B-A3B/b42bfd348a6fcd96207cbe7654abf2a8fd396254/config.json "HTTP/1.1 200 OK"
07:01:10 [INFO] HTTP Request: GET https://huggingface.co/api/models/Don-oz/Tess-4-35B-A3B/tree/main?recursive=true&expand=false "HTTP/1.1 200 OK"
07:01:10 [INFO] HTTP Request: HEAD https://huggingface.co/Don-oz/Tess-4-35B-A3B/resolve/main/config.json "HTTP/1.1 307 Temporary Redirect"
07:01:10 [INFO] HTTP Request: HEAD https://huggingface.co/api/resolve-cache/models/Don-oz/Tess-4-35B-A3B/b42bfd348a6fcd96207cbe7654abf2a8fd396254/config.json "HTTP/1.1 200 OK"
07:01:10 [INFO] HTTP Request: HEAD https://huggingface.co/Don-oz/Tess-4-35B-A3B/resolve/main/config.json "HTTP/1.1 307 Temporary Redirect"
07:01:10 [INFO] HTTP Request: HEAD https://huggingface.co/api/resolve-cache/models/Don-oz/Tess-4-35B-A3B/b42bfd348a6fcd96207cbe7654abf2a8fd396254/config.json "HTTP/1.1 200 OK"
07:01:10 [INFO] HTTP Request: HEAD https://huggingface.co/Don-oz/Tess-4-35B-A3B/resolve/main/model.safetensors "HTTP/1.1 404 Not Found"
07:01:10 [INFO] HTTP Request: HEAD https://huggingface.co/Don-oz/Tess-4-35B-A3B/resolve/main/model.safetensors.index.json "HTTP/1.1 307 Temporary Redirect"
07:01:10 [INFO] HTTP Request: HEAD https://huggingface.co/api/resolve-cache/models/Don-oz/Tess-4-35B-A3B/b42bfd348a6fcd96207cbe7654abf2a8fd396254/model.safetensors.index.json "HTTP/1.1 200 OK"
07:01:11 [INFO] HTTP Request: GET https://huggingface.co/api/models/Don-oz/Tess-4-35B-A3B/revision/main "HTTP/1.1 200 OK"
07:01:11 [INFO] HTTP Request: HEAD https://huggingface.co/Don-oz/Tess-4-35B-A3B/resolve/main/generation_config.json "HTTP/1.1 404 Not Found"
07:01:11 [INFO] HTTP Request: HEAD https://huggingface.co/Don-oz/Tess-4-35B-A3B/resolve/main/config.json "HTTP/1.1 307 Temporary Redirect"
07:01:11 [INFO] HTTP Request: HEAD https://huggingface.co/api/resolve-cache/models/Don-oz/Tess-4-35B-A3B/b42bfd348a6fcd96207cbe7654abf2a8fd396254/config.json "HTTP/1.1 200 OK"
07:01:12 [INFO] HTTP Request: HEAD https://huggingface.co/Don-oz/Tess-4-35B-A3B/resolve/main/custom_generate/generate.py "HTTP/1.1 404 Not Found"
07:01:12 [INFO] HTTP Request: HEAD https://huggingface.co/Don-oz/Tess-4-35B-A3B/resolve/main/config.json "HTTP/1.1 307 Temporary Redirect"
07:01:12 [INFO] HTTP Request: HEAD https://huggingface.co/api/resolve-cache/models/Don-oz/Tess-4-35B-A3B/b42bfd348a6fcd96207cbe7654abf2a8fd396254/config.json "HTTP/1.1 200 OK"
07:01:12 [INFO] HTTP Request: HEAD https://huggingface.co/Don-oz/Tess-4-35B-A3B/resolve/main/tokenizer_config.json "HTTP/1.1 307 Temporary Redirect"
07:01:12 [INFO] HTTP Request: HEAD https://huggingface.co/api/resolve-cache/models/Don-oz/Tess-4-35B-A3B/b42bfd348a6fcd96207cbe7654abf2a8fd396254/tokenizer_config.json "HTTP/1.1 200 OK"
07:01:12 [INFO] HTTP Request: HEAD https://huggingface.co/Don-oz/Tess-4-35B-A3B/resolve/main/tokenizer_config.json "HTTP/1.1 307 Temporary Redirect"
07:01:12 [INFO] HTTP Request: HEAD https://huggingface.co/api/resolve-cache/models/Don-oz/Tess-4-35B-A3B/b42bfd348a6fcd96207cbe7654abf2a8fd396254/tokenizer_config.json "HTTP/1.1 200 OK"
07:01:12 [INFO] HTTP Request: GET https://huggingface.co/api/models/Don-oz/Tess-4-35B-A3B/tree/main/additional_chat_templates?recursive=false&expand=false "HTTP/1.1 404 Not Found"
07:01:12 [INFO] HTTP Request: GET https://huggingface.co/api/models/Don-oz/Tess-4-35B-A3B/tree/main?recursive=true&expand=false "HTTP/1.1 200 OK"
07:01:13 [INFO] HTTP Request: GET https://huggingface.co/api/models/Don-oz/Tess-4-35B-A3B "HTTP/1.1 200 OK"
07:01:13 [INFO] HTTP Request: HEAD https://huggingface.co/Don-oz/Tess-4-35B-A3B/resolve/main/processor_config.json "HTTP/1.1 404 Not Found"
07:01:13 [INFO] HTTP Request: HEAD https://huggingface.co/Don-oz/Tess-4-35B-A3B/resolve/main/preprocessor_config.json "HTTP/1.1 307 Temporary Redirect"
07:01:13 [INFO] HTTP Request: HEAD https://huggingface.co/api/resolve-cache/models/Don-oz/Tess-4-35B-A3B/b42bfd348a6fcd96207cbe7654abf2a8fd396254/preprocessor_config.json "HTTP/1.1 200 OK"
07:01:13 [INFO] HTTP Request: GET https://huggingface.co/api/resolve-cache/models/Don-oz/Tess-4-35B-A3B/b42bfd348a6fcd96207cbe7654abf2a8fd396254/preprocessor_config.json "HTTP/1.1 200 OK"
07:01:13 [INFO] HTTP Request: HEAD https://huggingface.co/Don-oz/Tess-4-35B-A3B/resolve/main/processor_config.json "HTTP/1.1 404 Not Found"
07:01:14 [INFO] HTTP Request: HEAD https://huggingface.co/Don-oz/Tess-4-35B-A3B/resolve/main/preprocessor_config.json "HTTP/1.1 307 Temporary Redirect"
07:01:14 [INFO] HTTP Request: HEAD https://huggingface.co/api/resolve-cache/models/Don-oz/Tess-4-35B-A3B/b42bfd348a6fcd96207cbe7654abf2a8fd396254/preprocessor_config.json "HTTP/1.1 200 OK"
07:01:14 [INFO] HTTP Request: GET https://huggingface.co/api/models/Don-oz/Tess-4-35B-A3B/tree/main/additional_chat_templates?recursive=false&expand=false "HTTP/1.1 404 Not Found"
07:01:14 [INFO] HTTP Request: HEAD https://huggingface.co/Don-oz/Tess-4-35B-A3B/resolve/main/processor_config.json "HTTP/1.1 404 Not Found"
07:01:14 [INFO] HTTP Request: HEAD https://huggingface.co/Don-oz/Tess-4-35B-A3B/resolve/main/chat_template.json "HTTP/1.1 404 Not Found"
07:01:14 [INFO] HTTP Request: HEAD https://huggingface.co/Don-oz/Tess-4-35B-A3B/resolve/main/chat_template.jinja "HTTP/1.1 307 Temporary Redirect"
07:01:14 [INFO] HTTP Request: HEAD https://huggingface.co/api/resolve-cache/models/Don-oz/Tess-4-35B-A3B/b42bfd348a6fcd96207cbe7654abf2a8fd396254/chat_template.jinja "HTTP/1.1 200 OK"
07:01:14 [INFO] HTTP Request: HEAD https://huggingface.co/Don-oz/Tess-4-35B-A3B/resolve/main/audio_tokenizer_config.json "HTTP/1.1 404 Not Found"
07:01:14 [INFO] HTTP Request: HEAD https://huggingface.co/Don-oz/Tess-4-35B-A3B/resolve/main/processor_config.json "HTTP/1.1 404 Not Found"
07:01:14 [INFO] HTTP Request: HEAD https://huggingface.co/Don-oz/Tess-4-35B-A3B/resolve/main/preprocessor_config.json "HTTP/1.1 307 Temporary Redirect"
07:01:14 [INFO] HTTP Request: HEAD https://huggingface.co/api/resolve-cache/models/Don-oz/Tess-4-35B-A3B/b42bfd348a6fcd96207cbe7654abf2a8fd396254/preprocessor_config.json "HTTP/1.1 200 OK"
[transformers] `Qwen2VLImageProcessorFast` is deprecated. The `Fast` suffix for image processors has been removed; use `Qwen2VLImageProcessor` instead.
07:01:14 [ERROR] Quantization failed: 
Qwen2VLImageProcessor requires the Torchvision library but it was not found in your environment. Check out the instructions on the
installation page: https://pytorch.org/get-started/locally/ and follow the ones that match your environment.
Please note that you may need to restart your runtime after installation.

Qwen2VLImageProcessor requires the PIL library but it was not found in your environment. You can install it with pip:
`pip install pillow`. Please note that you may need to restart your runtime after installation.

Traceback (most recent call last):
  File "/root/_work/1/s/auto_quant/phases/quantize.py", line 479, in <module>
    quantize(args)
  File "/root/_work/1/s/auto_quant/phases/quantize.py", line 357, in quantize
    autoround = AutoRound(**ar_kwargs)
                ^^^^^^^^^^^^^^^^^^^^^^
  File "/root/.venv/lib/python3.12/site-packages/auto_round/autoround.py", line 261, in __new__
    return AutoRoundCompatible(
           ^^^^^^^^^^^^^^^^^^^^
  File "/root/.venv/lib/python3.12/site-packages/auto_round/compressors/entry.py", line 752, in __new__
    compressor = AutoRound(
                 ^^^^^^^^^^
  File "/root/.venv/lib/python3.12/site-packages/auto_round/compressors/entry.py", line 430, in __new__
    return _get_compressor_class(model_type, base_cls)(alg_configs, **local_args, **ctor_kwargs)
           ^^^^^^^^^^^^^^^^^^^^^^^^^^^^^^^^^^^^^^^^^^^^^^^^^^^^^^^^^^^^^^^^^^^^^^^^^^^^^^^^^^^^^
  File "/root/.venv/lib/python3.12/site-packages/auto_round/compressors/mllm_mixin.py", line 89, in __init__
    super().__init__(*args, **kwargs)
  File "/root/.venv/lib/python3.12/site-packages/auto_round/compressors/data_driven.py", line 1024, in __init__
    super().__init__(
  File "/root/.venv/lib/python3.12/site-packages/auto_round/compressors/data_driven.py", line 96, in __init__
    super().__init__(
  File "/root/.venv/lib/python3.12/site-packages/auto_round/compressors/base.py", line 379, in __init__
    self.model_context = ModelContext(
                         ^^^^^^^^^^^^^
  File "/root/.venv/lib/python3.12/site-packages/auto_round/context/base.py", line 39, in __call__
    instance.__init__(*args, **kwargs)
  File "/root/.venv/lib/python3.12/site-packages/auto_round/context/base.py", line 27, in wrapped_init
    original_init(self, *args, **kwargs)
  File "/root/.venv/lib/python3.12/site-packages/auto_round/context/model.py", line 110, in __init__
    self._load_model()
  File "/root/.venv/lib/python3.12/site-packages/auto_round/context/model.py", line 151, in _load_model
    self.model, self.processor, self.tokenizer, self.image_processor = mllm_load_model(
                                                                       ^^^^^^^^^^^^^^^^
  File "/root/.venv/lib/python3.12/site-packages/auto_round/utils/model.py", line 758, in mllm_load_model
    processor = AutoProcessor.from_pretrained(
                ^^^^^^^^^^^^^^^^^^^^^^^^^^^^^^
  File "/root/.venv/lib/python3.12/site-packages/transformers/models/auto/processing_auto.py", line 328, in from_pretrained
    return processor_class.from_pretrained(
           ^^^^^^^^^^^^^^^^^^^^^^^^^^^^^^^^
  File "/root/.venv/lib/python3.12/site-packages/transformers/processing_utils.py", line 1722, in from_pretrained
    args = cls._get_arguments_from_pretrained(pretrained_model_name_or_path, processor_dict, **kwargs)
           ^^^^^^^^^^^^^^^^^^^^^^^^^^^^^^^^^^^^^^^^^^^^^^^^^^^^^^^^^^^^^^^^^^^^^^^^^^^^^^^^^^^^^^^^^^^
  File "/root/.venv/lib/python3.12/site-packages/transformers/processing_utils.py", line 1862, in _get_arguments_from_pretrained
    sub_processor = auto_processor_class.from_pretrained(
                    ^^^^^^^^^^^^^^^^^^^^^^^^^^^^^^^^^^^^^
  File "/root/.venv/lib/python3.12/site-packages/transformers/models/auto/image_processing_auto.py", line 676, in from_pretrained
    return image_processor_class.from_pretrained(pretrained_model_name_or_path, *inputs, **kwargs)
           ^^^^^^^^^^^^^^^^^^^^^^^^^^^^^^^^^^^^^
  File "/root/.venv/lib/python3.12/site-packages/transformers/utils/import_utils.py", line 2170, in __getattribute__
    requires_backends(cls, cls._backends)
  File "/root/.venv/lib/python3.12/site-packages/transformers/utils/import_utils.py", line 2156, in requires_backends
    raise ImportError("".join(failed))
ImportError: 
Qwen2VLImageProcessor requires the Torchvision library but it was not found in your environment. Check out the instructions on the
installation page: https://pytorch.org/get-started/locally/ and follow the ones that match your environment.
Please note that you may need to restart your runtime after installation.

Qwen2VLImageProcessor requires the PIL library but it was not found in your environment. You can install it with pip:
`pip install pillow`. Please note that you may need to restart your runtime after installation.

