=== Phase 1: Environment Setup ===
  AUTO_ROUND_REF=latest
  TRANSFORMERS_REF=auto
  EXPORT_FORMAT=auto_round
  EVAL_BACKEND=hf
[setup_env] Installing: auto-round
 + triton==3.7.1
 + typer==0.27.0
 + urllib3==2.7.0
 + xxhash==3.8.1
 + yarl==1.24.5
 + threadpoolctl==3.6.0
 + typepy==1.3.5
 + word2number==1.1
 + hf-transfer==0.1.9
 + loguru==0.7.3
 + sentencepiece==0.2.2
[setup_env] Checking torch/CUDA driver compatibility...
[setup_env] torch=2.13.0+cu130, CUDA available — OK
[setup_env] Running pre-flight dependency check for microsoft/Fara1.5-4B...
08:10:37 [preflight] Pre-flight check for: microsoft/Fara1.5-4B
08:10:37 [preflight] HTTP Request: GET https://huggingface.co/api/agent-harnesses "HTTP/1.1 200 OK"
08:10:38 [preflight] HTTP Request: HEAD https://huggingface.co/microsoft/Fara1.5-4B/resolve/main/config.json "HTTP/1.1 307 Temporary Redirect"
08:10:38 [preflight] HTTP Request: HEAD https://huggingface.co/api/resolve-cache/models/microsoft/Fara1.5-4B/776a33ae5b2ad503796a97ae20fdc66f61d2feea/config.json "HTTP/1.1 200 OK"
08:10:38 [preflight] HTTP Request: GET https://huggingface.co/api/resolve-cache/models/microsoft/Fara1.5-4B/776a33ae5b2ad503796a97ae20fdc66f61d2feea/config.json "HTTP/1.1 200 OK"
08:10:38 [preflight]   model_type: qwen3_5
08:10:38 [preflight]   auto_map: no
08:10:38 [preflight]   transformers_version: 5.14.1
08:10:39 [preflight] HTTP Request: HEAD https://huggingface.co/microsoft/Fara1.5-4B/resolve/main/requirements.txt "HTTP/1.1 404 Not Found"
08:10:39 [preflight]   ✓ All dependencies satisfied

[setup_env] Verification:
  torch=2.13.0+cu130, cuda=True
  auto_round=0.14.2
  transformers=5.14.1
  lm_eval=0.4.12

=== Phase 1: DONE ===
